// Jest Snapshot v1, https://goo.gl/fbAQLP

exports[`App should render the component 1`] = `
Object {
  "asFragment": [Function],
  "baseElement": <body>
    <div>
      <div
        class="container"
      >
        <div
          class="login-container"
        >
          <div
            class="logo"
          >
            <img
              alt="Logo"
              src="https://avatar.iran.liara.run/public"
            />
          </div>
          <h2>
            Log In
          </h2>
          <form>
            <div
              class="mb-3"
            >
              <label
                class="form-label"
                for="UserName"
              >
                User
              </label>
              <input
                class="form-control"
                data-testid="username"
                id="username"
                placeholder="User"
                type="text"
                value="mtsamis"
              />
            </div>
            <div
              class="mb-3"
            >
              <label
                class="form-label"
                for="password"
              >
                Password
              </label>
              <input
                class="form-control"
                data-testid="password"
                id="password"
                placeholder="Password"
                type="password"
                value="xyz123"
              />
            </div>
            <button
              class="btn btn-primary"
              data-testid="submit"
              type="submit"
            >
              Submit
            </button>
          </form>
        </div>
      </div>
    </div>
  </body>,
  "container": <div>
    <div
      class="container"
    >
      <div
        class="login-container"
      >
        <div
          class="logo"
        >
          <img
            alt="Logo"
            src="https://avatar.iran.liara.run/public"
          />
        </div>
        <h2>
          Log In
        </h2>
        <form>
          <div
            class="mb-3"
          >
            <label
              class="form-label"
              for="UserName"
            >
              User
            </label>
            <input
              class="form-control"
              data-testid="username"
              id="username"
              placeholder="User"
              type="text"
              value="mtsamis"
            />
          </div>
          <div
            class="mb-3"
          >
            <label
              class="form-label"
              for="password"
            >
              Password
            </label>
            <input
              class="form-control"
              data-testid="password"
              id="password"
              placeholder="Password"
              type="password"
              value="xyz123"
            />
          </div>
          <button
            class="btn btn-primary"
            data-testid="submit"
            type="submit"
          >
            Submit
          </button>
        </form>
      </div>
    </div>
  </div>,
  "debug": [Function],
  "findAllByAltText": [Function],
  "findAllByDisplayValue": [Function],
  "findAllByLabelText": [Function],
  "findAllByPlaceholderText": [Function],
  "findAllByRole": [Function],
  "findAllByTestId": [Function],
  "findAllByText": [Function],
  "findAllByTitle": [Function],
  "findByAltText": [Function],
  "findByDisplayValue": [Function],
  "findByLabelText": [Function],
  "findByPlaceholderText": [Function],
  "findByRole": [Function],
  "findByTestId": [Function],
  "findByText": [Function],
  "findByTitle": [Function],
  "getAllByAltText": [Function],
  "getAllByDisplayValue": [Function],
  "getAllByLabelText": [Function],
  "getAllByPlaceholderText": [Function],
  "getAllByRole": [Function],
  "getAllByTestId": [Function],
  "getAllByText": [Function],
  "getAllByTitle": [Function],
  "getByAltText": [Function],
  "getByDisplayValue": [Function],
  "getByLabelText": [Function],
  "getByPlaceholderText": [Function],
  "getByRole": [Function],
  "getByTestId": [Function],
  "getByText": [Function],
  "getByTitle": [Function],
  "queryAllByAltText": [Function],
  "queryAllByDisplayValue": [Function],
  "queryAllByLabelText": [Function],
  "queryAllByPlaceholderText": [Function],
  "queryAllByRole": [Function],
  "queryAllByTestId": [Function],
  "queryAllByText": [Function],
  "queryAllByTitle": [Function],
  "queryByAltText": [Function],
  "queryByDisplayValue": [Function],
  "queryByLabelText": [Function],
  "queryByPlaceholderText": [Function],
  "queryByRole": [Function],
  "queryByTestId": [Function],
  "queryByText": [Function],
  "queryByTitle": [Function],
  "rerender": [Function],
  "unmount": [Function],
}
`;
